[    3067ms] [INFO] %cDownload the React DevTools for a better development experience: https://react.dev/link/react-devtools font-weight:bold @ webpack-internal:///(app-pages-browser)/./node_modules/next/dist/compiled/react-dom/cjs/react-dom-client.development.js:25630
[    3188ms] [WARNING] Image with src "/images/logo_white.png" is using quality "100" which is not configured in images.qualities. This config will be required starting in Next.js 16.
Read more: https://nextjs.org/docs/messages/next-image-unconfigured-qualities @ webpack-internal:///(app-pages-browser)/./node_modules/next/dist/shared/lib/utils/warn-once.js:15
[    3188ms] [WARNING] Image with src "/images/logo_white.png" was detected as the Largest Contentful Paint (LCP). Please add the "priority" property if this image is above the fold.
Read more: https://nextjs.org/docs/api-reference/next/image#priority @ webpack-internal:///(app-pages-browser)/./node_modules/next/dist/shared/lib/utils/warn-once.js:15
[    4201ms] [ERROR] Failed to load resource: the server responded with a status of 400 () @ https://ekhterelj-w917z.next.erxes.io/gateway/graphql:0
[    4201ms] [ERROR] Failed to load resource: the server responded with a status of 400 () @ https://ekhterelj-w917z.next.erxes.io/gateway/graphql:0
[    4205ms] [ERROR] Failed to load resource: the server responded with a status of 400 () @ https://ekhterelj-w917z.next.erxes.io/gateway/graphql:0
[    4222ms] [WARNING] Failed parsing 'srcset' attribute value since it has an unknown descriptor. @ webpack-internal:///(app-pages-browser)/./node_modules/next/dist/compiled/react-dom/cjs/react-dom-client.development.js:1541
[    4222ms] [WARNING] Dropped srcset candidate "https://erxes.io/cdn-cgi/image/width=640,format=avif,quality=75/https://ekhterelj-w917z.next.erxes.io/gateway/read-file?key=erxes-saas/FCyxp76tezK2IDeolgecnAVIF" @ webpack-internal:///(app-pages-browser)/./node_modules/next/dist/compiled/react-dom/cjs/react-dom-client.development.js:1541
[    4222ms] [WARNING] Failed parsing 'srcset' attribute value since it has an unknown descriptor. @ webpack-internal:///(app-pages-browser)/./node_modules/next/dist/compiled/react-dom/cjs/react-dom-client.development.js:1541
[    4222ms] [WARNING] Dropped srcset candidate "https://erxes.io/cdn-cgi/image/width=1200,format=avif,quality=75/https://ekhterelj-w917z.next.erxes.io/gateway/read-file?key=erxes-saas/FCyxp76tezK2IDeolgecnAVIF" @ webpack-internal:///(app-pages-browser)/./node_modules/next/dist/compiled/react-dom/cjs/react-dom-client.development.js:1541
[    4223ms] [WARNING] Failed parsing 'srcset' attribute value since it has an unknown descriptor. @ webpack-internal:///(app-pages-browser)/./node_modules/next/dist/compiled/react-dom/cjs/react-dom-client.development.js:17857
[    4223ms] [WARNING] Dropped srcset candidate "https://erxes.io/cdn-cgi/image/width=640,format=avif,quality=75/https://ekhterelj-w917z.next.erxes.io/gateway/read-file?key=erxes-saas/FCyxp76tezK2IDeolgecnAVIF" @ webpack-internal:///(app-pages-browser)/./node_modules/next/dist/compiled/react-dom/cjs/react-dom-client.development.js:17857
[    4223ms] [WARNING] Failed parsing 'srcset' attribute value since it has an unknown descriptor. @ webpack-internal:///(app-pages-browser)/./node_modules/next/dist/compiled/react-dom/cjs/react-dom-client.development.js:17857
[    4223ms] [WARNING] Dropped srcset candidate "https://erxes.io/cdn-cgi/image/width=1200,format=avif,quality=75/https://ekhterelj-w917z.next.erxes.io/gateway/read-file?key=erxes-saas/FCyxp76tezK2IDeolgecnAVIF" @ webpack-internal:///(app-pages-browser)/./node_modules/next/dist/compiled/react-dom/cjs/react-dom-client.development.js:17857
[    4224ms] [WARNING] Failed parsing 'srcset' attribute value since it has an unknown descriptor. @ webpack-internal:///(app-pages-browser)/./node_modules/next/dist/compiled/react-dom/cjs/react-dom-client.development.js:1541
[    4224ms] [WARNING] Dropped srcset candidate "https://erxes.io/cdn-cgi/image/width=640,format=avif,quality=75/https://ekhterelj-w917z.next.erxes.io/gateway/read-file?key=erxes-saas/vVCf5nUpBMcgEnuCD7klZYQlvkwYaR9LUD3oWZ7G2vэх" @ webpack-internal:///(app-pages-browser)/./node_modules/next/dist/compiled/react-dom/cjs/react-dom-client.development.js:1541
[    4224ms] [WARNING] Failed parsing 'srcset' attribute value since it has an unknown descriptor. @ webpack-internal:///(app-pages-browser)/./node_modules/next/dist/compiled/react-dom/cjs/react-dom-client.development.js:1541
[    4224ms] [WARNING] Dropped srcset candidate "https://erxes.io/cdn-cgi/image/width=1200,format=avif,quality=75/https://ekhterelj-w917z.next.erxes.io/gateway/read-file?key=erxes-saas/vVCf5nUpBMcgEnuCD7klZYQlvkwYaR9LUD3oWZ7G2vэх" @ webpack-internal:///(app-pages-browser)/./node_modules/next/dist/compiled/react-dom/cjs/react-dom-client.development.js:1541
[    4224ms] [WARNING] Failed parsing 'srcset' attribute value since it has an unknown descriptor. @ webpack-internal:///(app-pages-browser)/./node_modules/next/dist/compiled/react-dom/cjs/react-dom-client.development.js:17857
[    4224ms] [WARNING] Dropped srcset candidate "https://erxes.io/cdn-cgi/image/width=640,format=avif,quality=75/https://ekhterelj-w917z.next.erxes.io/gateway/read-file?key=erxes-saas/vVCf5nUpBMcgEnuCD7klZYQlvkwYaR9LUD3oWZ7G2vэх" @ webpack-internal:///(app-pages-browser)/./node_modules/next/dist/compiled/react-dom/cjs/react-dom-client.development.js:17857
[    4224ms] [WARNING] Failed parsing 'srcset' attribute value since it has an unknown descriptor. @ webpack-internal:///(app-pages-browser)/./node_modules/next/dist/compiled/react-dom/cjs/react-dom-client.development.js:17857
[    4224ms] [WARNING] Dropped srcset candidate "https://erxes.io/cdn-cgi/image/width=1200,format=avif,quality=75/https://ekhterelj-w917z.next.erxes.io/gateway/read-file?key=erxes-saas/vVCf5nUpBMcgEnuCD7klZYQlvkwYaR9LUD3oWZ7G2vэх" @ webpack-internal:///(app-pages-browser)/./node_modules/next/dist/compiled/react-dom/cjs/react-dom-client.development.js:17857
[    4225ms] [WARNING] Failed parsing 'srcset' attribute value since it has an unknown descriptor. @ webpack-internal:///(app-pages-browser)/./node_modules/next/dist/compiled/react-dom/cjs/react-dom-client.development.js:19943
[    4225ms] [WARNING] Dropped srcset candidate "https://erxes.io/cdn-cgi/image/width=640,format=avif,quality=75/https://ekhterelj-w917z.next.erxes.io/gateway/read-file?key=erxes-saas/FCyxp76tezK2IDeolgecnAVIF" @ webpack-internal:///(app-pages-browser)/./node_modules/next/dist/compiled/react-dom/cjs/react-dom-client.development.js:19943
[    4225ms] [WARNING] Failed parsing 'srcset' attribute value since it has an unknown descriptor. @ webpack-internal:///(app-pages-browser)/./node_modules/next/dist/compiled/react-dom/cjs/react-dom-client.development.js:19943
[    4225ms] [WARNING] Dropped srcset candidate "https://erxes.io/cdn-cgi/image/width=1200,format=avif,quality=75/https://ekhterelj-w917z.next.erxes.io/gateway/read-file?key=erxes-saas/FCyxp76tezK2IDeolgecnAVIF" @ webpack-internal:///(app-pages-browser)/./node_modules/next/dist/compiled/react-dom/cjs/react-dom-client.development.js:19943
[    4226ms] [WARNING] Failed parsing 'srcset' attribute value since it has an unknown descriptor. @ webpack-internal:///(app-pages-browser)/./node_modules/next/dist/client/image-component.js:141
[    4226ms] [WARNING] Dropped srcset candidate "https://erxes.io/cdn-cgi/image/width=640,format=avif,quality=75/https://ekhterelj-w917z.next.erxes.io/gateway/read-file?key=erxes-saas/FCyxp76tezK2IDeolgecnAVIF" @ webpack-internal:///(app-pages-browser)/./node_modules/next/dist/client/image-component.js:141
[    4226ms] [WARNING] Failed parsing 'srcset' attribute value since it has an unknown descriptor. @ webpack-internal:///(app-pages-browser)/./node_modules/next/dist/client/image-component.js:141
[    4226ms] [WARNING] Dropped srcset candidate "https://erxes.io/cdn-cgi/image/width=1200,format=avif,quality=75/https://ekhterelj-w917z.next.erxes.io/gateway/read-file?key=erxes-saas/FCyxp76tezK2IDeolgecnAVIF" @ webpack-internal:///(app-pages-browser)/./node_modules/next/dist/client/image-component.js:141
[    4226ms] [WARNING] Failed parsing 'srcset' attribute value since it has an unknown descriptor. @ webpack-internal:///(app-pages-browser)/./node_modules/next/dist/compiled/react-dom/cjs/react-dom-client.development.js:19943
[    4227ms] [WARNING] Dropped srcset candidate "https://erxes.io/cdn-cgi/image/width=640,format=avif,quality=75/https://ekhterelj-w917z.next.erxes.io/gateway/read-file?key=erxes-saas/vVCf5nUpBMcgEnuCD7klZYQlvkwYaR9LUD3oWZ7G2vэх" @ webpack-internal:///(app-pages-browser)/./node_modules/next/dist/compiled/react-dom/cjs/react-dom-client.development.js:19943
[    4227ms] [WARNING] Failed parsing 'srcset' attribute value since it has an unknown descriptor. @ webpack-internal:///(app-pages-browser)/./node_modules/next/dist/compiled/react-dom/cjs/react-dom-client.development.js:19943
[    4227ms] [WARNING] Dropped srcset candidate "https://erxes.io/cdn-cgi/image/width=1200,format=avif,quality=75/https://ekhterelj-w917z.next.erxes.io/gateway/read-file?key=erxes-saas/vVCf5nUpBMcgEnuCD7klZYQlvkwYaR9LUD3oWZ7G2vэх" @ webpack-internal:///(app-pages-browser)/./node_modules/next/dist/compiled/react-dom/cjs/react-dom-client.development.js:19943
[    4227ms] [WARNING] Failed parsing 'srcset' attribute value since it has an unknown descriptor. @ webpack-internal:///(app-pages-browser)/./node_modules/next/dist/client/image-component.js:141
[    4227ms] [WARNING] Dropped srcset candidate "https://erxes.io/cdn-cgi/image/width=640,format=avif,quality=75/https://ekhterelj-w917z.next.erxes.io/gateway/read-file?key=erxes-saas/vVCf5nUpBMcgEnuCD7klZYQlvkwYaR9LUD3oWZ7G2vэх" @ webpack-internal:///(app-pages-browser)/./node_modules/next/dist/client/image-component.js:141
[    4227ms] [WARNING] Failed parsing 'srcset' attribute value since it has an unknown descriptor. @ webpack-internal:///(app-pages-browser)/./node_modules/next/dist/client/image-component.js:141
[    4228ms] [WARNING] Dropped srcset candidate "https://erxes.io/cdn-cgi/image/width=1200,format=avif,quality=75/https://ekhterelj-w917z.next.erxes.io/gateway/read-file?key=erxes-saas/vVCf5nUpBMcgEnuCD7klZYQlvkwYaR9LUD3oWZ7G2vэх" @ webpack-internal:///(app-pages-browser)/./node_modules/next/dist/client/image-component.js:141
[    4228ms] [WARNING] Failed parsing 'srcset' attribute value since it has an unknown descriptor. @ webpack-internal:///(app-pages-browser)/./node_modules/next/dist/client/image-component.js:141
[    4228ms] [WARNING] Dropped srcset candidate "https://erxes.io/cdn-cgi/image/width=640,format=avif,quality=75/https://ekhterelj-w917z.next.erxes.io/gateway/read-file?key=erxes-saas/FCyxp76tezK2IDeolgecnAVIF" @ webpack-internal:///(app-pages-browser)/./node_modules/next/dist/client/image-component.js:141
[    4228ms] [WARNING] Failed parsing 'srcset' attribute value since it has an unknown descriptor. @ webpack-internal:///(app-pages-browser)/./node_modules/next/dist/client/image-component.js:141
[    4228ms] [WARNING] Dropped srcset candidate "https://erxes.io/cdn-cgi/image/width=1200,format=avif,quality=75/https://ekhterelj-w917z.next.erxes.io/gateway/read-file?key=erxes-saas/FCyxp76tezK2IDeolgecnAVIF" @ webpack-internal:///(app-pages-browser)/./node_modules/next/dist/client/image-component.js:141
[    4228ms] [WARNING] Failed parsing 'srcset' attribute value since it has an unknown descriptor. @ webpack-internal:///(app-pages-browser)/./node_modules/next/dist/client/image-component.js:141
[    4229ms] [WARNING] Dropped srcset candidate "https://erxes.io/cdn-cgi/image/width=640,format=avif,quality=75/https://ekhterelj-w917z.next.erxes.io/gateway/read-file?key=erxes-saas/vVCf5nUpBMcgEnuCD7klZYQlvkwYaR9LUD3oWZ7G2vэх" @ webpack-internal:///(app-pages-browser)/./node_modules/next/dist/client/image-component.js:141
[    4229ms] [WARNING] Failed parsing 'srcset' attribute value since it has an unknown descriptor. @ webpack-internal:///(app-pages-browser)/./node_modules/next/dist/client/image-component.js:141
[    4229ms] [WARNING] Dropped srcset candidate "https://erxes.io/cdn-cgi/image/width=1200,format=avif,quality=75/https://ekhterelj-w917z.next.erxes.io/gateway/read-file?key=erxes-saas/vVCf5nUpBMcgEnuCD7klZYQlvkwYaR9LUD3oWZ7G2vэх" @ webpack-internal:///(app-pages-browser)/./node_modules/next/dist/client/image-component.js:141
[    4230ms] [WARNING] Failed parsing 'srcset' attribute value since it has an unknown descriptor. @ webpack-internal:///(app-pages-browser)/./node_modules/next/dist/client/image-component.js:141
[    4230ms] [WARNING] Dropped srcset candidate "https://erxes.io/cdn-cgi/image/width=640,format=avif,quality=75/https://ekhterelj-w917z.next.erxes.io/gateway/read-file?key=erxes-saas/FCyxp76tezK2IDeolgecnAVIF" @ webpack-internal:///(app-pages-browser)/./node_modules/next/dist/client/image-component.js:141
[    4230ms] [WARNING] Failed parsing 'srcset' attribute value since it has an unknown descriptor. @ webpack-internal:///(app-pages-browser)/./node_modules/next/dist/client/image-component.js:141
[    4230ms] [WARNING] Dropped srcset candidate "https://erxes.io/cdn-cgi/image/width=1200,format=avif,quality=75/https://ekhterelj-w917z.next.erxes.io/gateway/read-file?key=erxes-saas/FCyxp76tezK2IDeolgecnAVIF" @ webpack-internal:///(app-pages-browser)/./node_modules/next/dist/client/image-component.js:141
[    4230ms] [WARNING] Failed parsing 'srcset' attribute value since it has an unknown descriptor. @ webpack-internal:///(app-pages-browser)/./node_modules/next/dist/client/image-component.js:141
[    4231ms] [WARNING] Dropped srcset candidate "https://erxes.io/cdn-cgi/image/width=640,format=avif,quality=75/https://ekhterelj-w917z.next.erxes.io/gateway/read-file?key=erxes-saas/vVCf5nUpBMcgEnuCD7klZYQlvkwYaR9LUD3oWZ7G2vэх" @ webpack-internal:///(app-pages-browser)/./node_modules/next/dist/client/image-component.js:141
[    4231ms] [WARNING] Failed parsing 'srcset' attribute value since it has an unknown descriptor. @ webpack-internal:///(app-pages-browser)/./node_modules/next/dist/client/image-component.js:141
[    4231ms] [WARNING] Dropped srcset candidate "https://erxes.io/cdn-cgi/image/width=1200,format=avif,quality=75/https://ekhterelj-w917z.next.erxes.io/gateway/read-file?key=erxes-saas/vVCf5nUpBMcgEnuCD7klZYQlvkwYaR9LUD3oWZ7G2vэх" @ webpack-internal:///(app-pages-browser)/./node_modules/next/dist/client/image-component.js:141
[    4234ms] [WARNING] Failed parsing 'srcset' attribute value since it has an unknown descriptor. @ webpack-internal:///(app-pages-browser)/./node_modules/next/dist/client/image-component.js:141
[    4234ms] [WARNING] Dropped srcset candidate "https://erxes.io/cdn-cgi/image/width=640,format=avif,quality=75/https://ekhterelj-w917z.next.erxes.io/gateway/read-file?key=erxes-saas/FCyxp76tezK2IDeolgecnAVIF" @ webpack-internal:///(app-pages-browser)/./node_modules/next/dist/client/image-component.js:141
[    4234ms] [WARNING] Failed parsing 'srcset' attribute value since it has an unknown descriptor. @ webpack-internal:///(app-pages-browser)/./node_modules/next/dist/client/image-component.js:141
[    4234ms] [WARNING] Dropped srcset candidate "https://erxes.io/cdn-cgi/image/width=1200,format=avif,quality=75/https://ekhterelj-w917z.next.erxes.io/gateway/read-file?key=erxes-saas/FCyxp76tezK2IDeolgecnAVIF" @ webpack-internal:///(app-pages-browser)/./node_modules/next/dist/client/image-component.js:141
[    4234ms] [WARNING] Failed parsing 'srcset' attribute value since it has an unknown descriptor. @ webpack-internal:///(app-pages-browser)/./node_modules/next/dist/client/image-component.js:141
[    4234ms] [WARNING] Dropped srcset candidate "https://erxes.io/cdn-cgi/image/width=640,format=avif,quality=75/https://ekhterelj-w917z.next.erxes.io/gateway/read-file?key=erxes-saas/vVCf5nUpBMcgEnuCD7klZYQlvkwYaR9LUD3oWZ7G2vэх" @ webpack-internal:///(app-pages-browser)/./node_modules/next/dist/client/image-component.js:141
[    4234ms] [WARNING] Failed parsing 'srcset' attribute value since it has an unknown descriptor. @ webpack-internal:///(app-pages-browser)/./node_modules/next/dist/client/image-component.js:141
[    4235ms] [WARNING] Dropped srcset candidate "https://erxes.io/cdn-cgi/image/width=1200,format=avif,quality=75/https://ekhterelj-w917z.next.erxes.io/gateway/read-file?key=erxes-saas/vVCf5nUpBMcgEnuCD7klZYQlvkwYaR9LUD3oWZ7G2vэх" @ webpack-internal:///(app-pages-browser)/./node_modules/next/dist/client/image-component.js:141
[    4235ms] [ERROR] Failed to load resource: the server responded with a status of 400 () @ https://ekhterelj-w917z.next.erxes.io/gateway/graphql:0
[    4249ms] [WARNING] Image with src "https://ekhterelj-w917z.next.erxes.io/gateway/read-file?key=erxes-saas/3Hh0JZVGKSXmSRveekIZZRead File 3598x2024 (1).jpeg" is using quality "100" which is not configured in images.qualities. This config will be required starting in Next.js 16.
Read more: https://nextjs.org/docs/messages/next-image-unconfigured-qualities @ webpack-internal:///(app-pages-browser)/./node_modules/next/dist/shared/lib/utils/warn-once.js:15
[    4250ms] [WARNING] Failed parsing 'srcset' attribute value since it has an unknown descriptor. @ webpack-internal:///(app-pages-browser)/./node_modules/next/dist/compiled/react-dom/cjs/react-dom-client.development.js:1541
[    4250ms] [WARNING] Dropped srcset candidate "https://erxes.io/cdn-cgi/image/width=1920,format=avif,quality=100/https://ekhterelj-w917z.next.erxes.io/gateway/read-file?key=erxes-saas/3Hh0JZVGKSXmSRveekIZZRead" @ webpack-internal:///(app-pages-browser)/./node_modules/next/dist/compiled/react-dom/cjs/react-dom-client.development.js:1541
[    4250ms] [WARNING] Failed parsing 'srcset' attribute value since it has an unknown descriptor. @ webpack-internal:///(app-pages-browser)/./node_modules/next/dist/compiled/react-dom/cjs/react-dom-client.development.js:1541
[    4250ms] [WARNING] Dropped srcset candidate "https://erxes.io/cdn-cgi/image/width=3840,format=avif,quality=100/https://ekhterelj-w917z.next.erxes.io/gateway/read-file?key=erxes-saas/3Hh0JZVGKSXmSRveekIZZRead" @ webpack-internal:///(app-pages-browser)/./node_modules/next/dist/compiled/react-dom/cjs/react-dom-client.development.js:1541
[    4250ms] [WARNING] Failed parsing 'srcset' attribute value since it has an unknown descriptor. @ webpack-internal:///(app-pages-browser)/./node_modules/next/dist/compiled/react-dom/cjs/react-dom-client.development.js:17857
[    4250ms] [WARNING] Dropped srcset candidate "https://erxes.io/cdn-cgi/image/width=1920,format=avif,quality=100/https://ekhterelj-w917z.next.erxes.io/gateway/read-file?key=erxes-saas/3Hh0JZVGKSXmSRveekIZZRead" @ webpack-internal:///(app-pages-browser)/./node_modules/next/dist/compiled/react-dom/cjs/react-dom-client.development.js:17857
[    4250ms] [WARNING] Failed parsing 'srcset' attribute value since it has an unknown descriptor. @ webpack-internal:///(app-pages-browser)/./node_modules/next/dist/compiled/react-dom/cjs/react-dom-client.development.js:17857
[    4250ms] [WARNING] Dropped srcset candidate "https://erxes.io/cdn-cgi/image/width=3840,format=avif,quality=100/https://ekhterelj-w917z.next.erxes.io/gateway/read-file?key=erxes-saas/3Hh0JZVGKSXmSRveekIZZRead" @ webpack-internal:///(app-pages-browser)/./node_modules/next/dist/compiled/react-dom/cjs/react-dom-client.development.js:17857
[    4250ms] [WARNING] <link rel=preload> has an invalid `href` value @ webpack-internal:///(app-pages-browser)/./node_modules/next/dist/compiled/react-dom/cjs/react-dom-client.development.js:25234
[    4250ms] [WARNING] Image with src "https://ekhterelj-w917z.next.erxes.io/gateway/read-file?key=erxes-saas/pIIbirwBXflNI06iPjxGiRead File 3598x2024 (2).jpeg" is using quality "100" which is not configured in images.qualities. This config will be required starting in Next.js 16.
Read more: https://nextjs.org/docs/messages/next-image-unconfigured-qualities @ webpack-internal:///(app-pages-browser)/./node_modules/next/dist/shared/lib/utils/warn-once.js:15
[    4251ms] [WARNING] Failed parsing 'srcset' attribute value since it has an unknown descriptor. @ webpack-internal:///(app-pages-browser)/./node_modules/next/dist/compiled/react-dom/cjs/react-dom-client.development.js:1541
[    4251ms] [WARNING] Dropped srcset candidate "https://erxes.io/cdn-cgi/image/width=1920,format=avif,quality=100/https://ekhterelj-w917z.next.erxes.io/gateway/read-file?key=erxes-saas/pIIbirwBXflNI06iPjxGiRead" @ webpack-internal:///(app-pages-browser)/./node_modules/next/dist/compiled/react-dom/cjs/react-dom-client.development.js:1541
[    4251ms] [WARNING] Failed parsing 'srcset' attribute value since it has an unknown descriptor. @ webpack-internal:///(app-pages-browser)/./node_modules/next/dist/compiled/react-dom/cjs/react-dom-client.development.js:1541
[    4251ms] [WARNING] Dropped srcset candidate "https://erxes.io/cdn-cgi/image/width=3840,format=avif,quality=100/https://ekhterelj-w917z.next.erxes.io/gateway/read-file?key=erxes-saas/pIIbirwBXflNI06iPjxGiRead" @ webpack-internal:///(app-pages-browser)/./node_modules/next/dist/compiled/react-dom/cjs/react-dom-client.development.js:1541
[    4251ms] [WARNING] Failed parsing 'srcset' attribute value since it has an unknown descriptor. @ webpack-internal:///(app-pages-browser)/./node_modules/next/dist/compiled/react-dom/cjs/react-dom-client.development.js:17857
[    4251ms] [WARNING] Dropped srcset candidate "https://erxes.io/cdn-cgi/image/width=1920,format=avif,quality=100/https://ekhterelj-w917z.next.erxes.io/gateway/read-file?key=erxes-saas/pIIbirwBXflNI06iPjxGiRead" @ webpack-internal:///(app-pages-browser)/./node_modules/next/dist/compiled/react-dom/cjs/react-dom-client.development.js:17857
[    4251ms] [WARNING] Failed parsing 'srcset' attribute value since it has an unknown descriptor. @ webpack-internal:///(app-pages-browser)/./node_modules/next/dist/compiled/react-dom/cjs/react-dom-client.development.js:17857
[    4251ms] [WARNING] Dropped srcset candidate "https://erxes.io/cdn-cgi/image/width=3840,format=avif,quality=100/https://ekhterelj-w917z.next.erxes.io/gateway/read-file?key=erxes-saas/pIIbirwBXflNI06iPjxGiRead" @ webpack-internal:///(app-pages-browser)/./node_modules/next/dist/compiled/react-dom/cjs/react-dom-client.development.js:17857
[    4251ms] [WARNING] Image with src "https://ekhterelj-w917z.next.erxes.io/gateway/read-file?key=erxes-saas/1P9lTTNPOQvWAmlPwfmrARead File 3598x2024.jpeg" is using quality "100" which is not configured in images.qualities. This config will be required starting in Next.js 16.
Read more: https://nextjs.org/docs/messages/next-image-unconfigured-qualities @ webpack-internal:///(app-pages-browser)/./node_modules/next/dist/shared/lib/utils/warn-once.js:15
[    4251ms] [WARNING] Failed parsing 'srcset' attribute value since it has an unknown descriptor. @ webpack-internal:///(app-pages-browser)/./node_modules/next/dist/compiled/react-dom/cjs/react-dom-client.development.js:1541
[    4251ms] [WARNING] Dropped srcset candidate "https://erxes.io/cdn-cgi/image/width=1920,format=avif,quality=100/https://ekhterelj-w917z.next.erxes.io/gateway/read-file?key=erxes-saas/1P9lTTNPOQvWAmlPwfmrARead" @ webpack-internal:///(app-pages-browser)/./node_modules/next/dist/compiled/react-dom/cjs/react-dom-client.development.js:1541
[    4251ms] [WARNING] Failed parsing 'srcset' attribute value since it has an unknown descriptor. @ webpack-internal:///(app-pages-browser)/./node_modules/next/dist/compiled/react-dom/cjs/react-dom-client.development.js:1541
[    4251ms] [WARNING] Dropped srcset candidate "https://erxes.io/cdn-cgi/image/width=3840,format=avif,quality=100/https://ekhterelj-w917z.next.erxes.io/gateway/read-file?key=erxes-saas/1P9lTTNPOQvWAmlPwfmrARead" @ webpack-internal:///(app-pages-browser)/./node_modules/next/dist/compiled/react-dom/cjs/react-dom-client.development.js:1541
[    4251ms] [WARNING] Failed parsing 'srcset' attribute value since it has an unknown descriptor. @ webpack-internal:///(app-pages-browser)/./node_modules/next/dist/compiled/react-dom/cjs/react-dom-client.development.js:17857
[    4251ms] [WARNING] Dropped srcset candidate "https://erxes.io/cdn-cgi/image/width=1920,format=avif,quality=100/https://ekhterelj-w917z.next.erxes.io/gateway/read-file?key=erxes-saas/1P9lTTNPOQvWAmlPwfmrARead" @ webpack-internal:///(app-pages-browser)/./node_modules/next/dist/compiled/react-dom/cjs/react-dom-client.development.js:17857
[    4251ms] [WARNING] Failed parsing 'srcset' attribute value since it has an unknown descriptor. @ webpack-internal:///(app-pages-browser)/./node_modules/next/dist/compiled/react-dom/cjs/react-dom-client.development.js:17857
[    4251ms] [WARNING] Dropped srcset candidate "https://erxes.io/cdn-cgi/image/width=3840,format=avif,quality=100/https://ekhterelj-w917z.next.erxes.io/gateway/read-file?key=erxes-saas/1P9lTTNPOQvWAmlPwfmrARead" @ webpack-internal:///(app-pages-browser)/./node_modules/next/dist/compiled/react-dom/cjs/react-dom-client.development.js:17857
[    4258ms] [WARNING] Failed parsing 'srcset' attribute value since it has an unknown descriptor. @ webpack-internal:///(app-pages-browser)/./node_modules/next/dist/compiled/react-dom/cjs/react-dom-client.development.js:19943
[    4259ms] [WARNING] Dropped srcset candidate "https://erxes.io/cdn-cgi/image/width=1920,format=avif,quality=100/https://ekhterelj-w917z.next.erxes.io/gateway/read-file?key=erxes-saas/3Hh0JZVGKSXmSRveekIZZRead" @ webpack-internal:///(app-pages-browser)/./node_modules/next/dist/compiled/react-dom/cjs/react-dom-client.development.js:19943
[    4259ms] [WARNING] Failed parsing 'srcset' attribute value since it has an unknown descriptor. @ webpack-internal:///(app-pages-browser)/./node_modules/next/dist/compiled/react-dom/cjs/react-dom-client.development.js:19943
[    4260ms] [WARNING] Dropped srcset candidate "https://erxes.io/cdn-cgi/image/width=3840,format=avif,quality=100/https://ekhterelj-w917z.next.erxes.io/gateway/read-file?key=erxes-saas/3Hh0JZVGKSXmSRveekIZZRead" @ webpack-internal:///(app-pages-browser)/./node_modules/next/dist/compiled/react-dom/cjs/react-dom-client.development.js:19943
[    4260ms] [WARNING] Failed parsing 'srcset' attribute value since it has an unknown descriptor. @ webpack-internal:///(app-pages-browser)/./node_modules/next/dist/client/image-component.js:141
[    4260ms] [WARNING] Dropped srcset candidate "https://erxes.io/cdn-cgi/image/width=1920,format=avif,quality=100/https://ekhterelj-w917z.next.erxes.io/gateway/read-file?key=erxes-saas/3Hh0JZVGKSXmSRveekIZZRead" @ webpack-internal:///(app-pages-browser)/./node_modules/next/dist/client/image-component.js:141
[    4260ms] [WARNING] Failed parsing 'srcset' attribute value since it has an unknown descriptor. @ webpack-internal:///(app-pages-browser)/./node_modules/next/dist/client/image-component.js:141
[    4260ms] [WARNING] Dropped srcset candidate "https://erxes.io/cdn-cgi/image/width=3840,format=avif,quality=100/https://ekhterelj-w917z.next.erxes.io/gateway/read-file?key=erxes-saas/3Hh0JZVGKSXmSRveekIZZRead" @ webpack-internal:///(app-pages-browser)/./node_modules/next/dist/client/image-component.js:141
[    4260ms] [WARNING] Failed parsing 'srcset' attribute value since it has an unknown descriptor. @ webpack-internal:///(app-pages-browser)/./node_modules/next/dist/compiled/react-dom/cjs/react-dom-client.development.js:19943
[    4261ms] [WARNING] Dropped srcset candidate "https://erxes.io/cdn-cgi/image/width=1920,format=avif,quality=100/https://ekhterelj-w917z.next.erxes.io/gateway/read-file?key=erxes-saas/pIIbirwBXflNI06iPjxGiRead" @ webpack-internal:///(app-pages-browser)/./node_modules/next/dist/compiled/react-dom/cjs/react-dom-client.development.js:19943
[    4261ms] [WARNING] Failed parsing 'srcset' attribute value since it has an unknown descriptor. @ webpack-internal:///(app-pages-browser)/./node_modules/next/dist/compiled/react-dom/cjs/react-dom-client.development.js:19943
[    4261ms] [WARNING] Dropped srcset candidate "https://erxes.io/cdn-cgi/image/width=3840,format=avif,quality=100/https://ekhterelj-w917z.next.erxes.io/gateway/read-file?key=erxes-saas/pIIbirwBXflNI06iPjxGiRead" @ webpack-internal:///(app-pages-browser)/./node_modules/next/dist/compiled/react-dom/cjs/react-dom-client.development.js:19943
[    4261ms] [WARNING] Failed parsing 'srcset' attribute value since it has an unknown descriptor. @ webpack-internal:///(app-pages-browser)/./node_modules/next/dist/client/image-component.js:141
[    4261ms] [WARNING] Dropped srcset candidate "https://erxes.io/cdn-cgi/image/width=1920,format=avif,quality=100/https://ekhterelj-w917z.next.erxes.io/gateway/read-file?key=erxes-saas/pIIbirwBXflNI06iPjxGiRead" @ webpack-internal:///(app-pages-browser)/./node_modules/next/dist/client/image-component.js:141
[    4261ms] [WARNING] Failed parsing 'srcset' attribute value since it has an unknown descriptor. @ webpack-internal:///(app-pages-browser)/./node_modules/next/dist/client/image-component.js:141
[    4261ms] [WARNING] Dropped srcset candidate "https://erxes.io/cdn-cgi/image/width=3840,format=avif,quality=100/https://ekhterelj-w917z.next.erxes.io/gateway/read-file?key=erxes-saas/pIIbirwBXflNI06iPjxGiRead" @ webpack-internal:///(app-pages-browser)/./node_modules/next/dist/client/image-component.js:141
[    4262ms] [WARNING] Failed parsing 'srcset' attribute value since it has an unknown descriptor. @ webpack-internal:///(app-pages-browser)/./node_modules/next/dist/compiled/react-dom/cjs/react-dom-client.development.js:19943
[    4262ms] [WARNING] Dropped srcset candidate "https://erxes.io/cdn-cgi/image/width=1920,format=avif,quality=100/https://ekhterelj-w917z.next.erxes.io/gateway/read-file?key=erxes-saas/1P9lTTNPOQvWAmlPwfmrARead" @ webpack-internal:///(app-pages-browser)/./node_modules/next/dist/compiled/react-dom/cjs/react-dom-client.development.js:19943
[    4262ms] [WARNING] Failed parsing 'srcset' attribute value since it has an unknown descriptor. @ webpack-internal:///(app-pages-browser)/./node_modules/next/dist/compiled/react-dom/cjs/react-dom-client.development.js:19943
[    4262ms] [WARNING] Dropped srcset candidate "https://erxes.io/cdn-cgi/image/width=3840,format=avif,quality=100/https://ekhterelj-w917z.next.erxes.io/gateway/read-file?key=erxes-saas/1P9lTTNPOQvWAmlPwfmrARead" @ webpack-internal:///(app-pages-browser)/./node_modules/next/dist/compiled/react-dom/cjs/react-dom-client.development.js:19943
[    4262ms] [WARNING] Failed parsing 'srcset' attribute value since it has an unknown descriptor. @ webpack-internal:///(app-pages-browser)/./node_modules/next/dist/client/image-component.js:141
[    4262ms] [WARNING] Dropped srcset candidate "https://erxes.io/cdn-cgi/image/width=1920,format=avif,quality=100/https://ekhterelj-w917z.next.erxes.io/gateway/read-file?key=erxes-saas/1P9lTTNPOQvWAmlPwfmrARead" @ webpack-internal:///(app-pages-browser)/./node_modules/next/dist/client/image-component.js:141
[    4263ms] [WARNING] Failed parsing 'srcset' attribute value since it has an unknown descriptor. @ webpack-internal:///(app-pages-browser)/./node_modules/next/dist/client/image-component.js:141
[    4263ms] [WARNING] Dropped srcset candidate "https://erxes.io/cdn-cgi/image/width=3840,format=avif,quality=100/https://ekhterelj-w917z.next.erxes.io/gateway/read-file?key=erxes-saas/1P9lTTNPOQvWAmlPwfmrARead" @ webpack-internal:///(app-pages-browser)/./node_modules/next/dist/client/image-component.js:141
[    4269ms] [WARNING] Failed parsing 'srcset' attribute value since it has an unknown descriptor. @ webpack-internal:///(app-pages-browser)/./node_modules/next/dist/client/image-component.js:141
[    4270ms] [WARNING] Dropped srcset candidate "https://erxes.io/cdn-cgi/image/width=1920,format=avif,quality=100/https://ekhterelj-w917z.next.erxes.io/gateway/read-file?key=erxes-saas/3Hh0JZVGKSXmSRveekIZZRead" @ webpack-internal:///(app-pages-browser)/./node_modules/next/dist/client/image-component.js:141
[    4270ms] [WARNING] Failed parsing 'srcset' attribute value since it has an unknown descriptor. @ webpack-internal:///(app-pages-browser)/./node_modules/next/dist/client/image-component.js:141
[    4270ms] [WARNING] Dropped srcset candidate "https://erxes.io/cdn-cgi/image/width=3840,format=avif,quality=100/https://ekhterelj-w917z.next.erxes.io/gateway/read-file?key=erxes-saas/3Hh0JZVGKSXmSRveekIZZRead" @ webpack-internal:///(app-pages-browser)/./node_modules/next/dist/client/image-component.js:141
[    4270ms] [WARNING] Failed parsing 'srcset' attribute value since it has an unknown descriptor. @ webpack-internal:///(app-pages-browser)/./node_modules/next/dist/client/image-component.js:141
[    4270ms] [WARNING] Dropped srcset candidate "https://erxes.io/cdn-cgi/image/width=1920,format=avif,quality=100/https://ekhterelj-w917z.next.erxes.io/gateway/read-file?key=erxes-saas/pIIbirwBXflNI06iPjxGiRead" @ webpack-internal:///(app-pages-browser)/./node_modules/next/dist/client/image-component.js:141
[    4270ms] [WARNING] Failed parsing 'srcset' attribute value since it has an unknown descriptor. @ webpack-internal:///(app-pages-browser)/./node_modules/next/dist/client/image-component.js:141
[    4270ms] [WARNING] Dropped srcset candidate "https://erxes.io/cdn-cgi/image/width=3840,format=avif,quality=100/https://ekhterelj-w917z.next.erxes.io/gateway/read-file?key=erxes-saas/pIIbirwBXflNI06iPjxGiRead" @ webpack-internal:///(app-pages-browser)/./node_modules/next/dist/client/image-component.js:141
[    4270ms] [WARNING] Failed parsing 'srcset' attribute value since it has an unknown descriptor. @ webpack-internal:///(app-pages-browser)/./node_modules/next/dist/client/image-component.js:141
[    4270ms] [WARNING] Dropped srcset candidate "https://erxes.io/cdn-cgi/image/width=1920,format=avif,quality=100/https://ekhterelj-w917z.next.erxes.io/gateway/read-file?key=erxes-saas/1P9lTTNPOQvWAmlPwfmrARead" @ webpack-internal:///(app-pages-browser)/./node_modules/next/dist/client/image-component.js:141
[    4271ms] [WARNING] Failed parsing 'srcset' attribute value since it has an unknown descriptor. @ webpack-internal:///(app-pages-browser)/./node_modules/next/dist/client/image-component.js:141
[    4271ms] [WARNING] Dropped srcset candidate "https://erxes.io/cdn-cgi/image/width=3840,format=avif,quality=100/https://ekhterelj-w917z.next.erxes.io/gateway/read-file?key=erxes-saas/1P9lTTNPOQvWAmlPwfmrARead" @ webpack-internal:///(app-pages-browser)/./node_modules/next/dist/client/image-component.js:141
[    4275ms] [WARNING] Failed parsing 'srcset' attribute value since it has an unknown descriptor. @ webpack-internal:///(app-pages-browser)/./node_modules/next/dist/client/image-component.js:141
[    4275ms] [WARNING] Dropped srcset candidate "https://erxes.io/cdn-cgi/image/width=1920,format=avif,quality=100/https://ekhterelj-w917z.next.erxes.io/gateway/read-file?key=erxes-saas/3Hh0JZVGKSXmSRveekIZZRead" @ webpack-internal:///(app-pages-browser)/./node_modules/next/dist/client/image-component.js:141
[    4275ms] [WARNING] Failed parsing 'srcset' attribute value since it has an unknown descriptor. @ webpack-internal:///(app-pages-browser)/./node_modules/next/dist/client/image-component.js:141
[    4276ms] [WARNING] Dropped srcset candidate "https://erxes.io/cdn-cgi/image/width=3840,format=avif,quality=100/https://ekhterelj-w917z.next.erxes.io/gateway/read-file?key=erxes-saas/3Hh0JZVGKSXmSRveekIZZRead" @ webpack-internal:///(app-pages-browser)/./node_modules/next/dist/client/image-component.js:141
[    4276ms] [WARNING] Failed parsing 'srcset' attribute value since it has an unknown descriptor. @ webpack-internal:///(app-pages-browser)/./node_modules/next/dist/client/image-component.js:141
[    4276ms] [WARNING] Dropped srcset candidate "https://erxes.io/cdn-cgi/image/width=1920,format=avif,quality=100/https://ekhterelj-w917z.next.erxes.io/gateway/read-file?key=erxes-saas/pIIbirwBXflNI06iPjxGiRead" @ webpack-internal:///(app-pages-browser)/./node_modules/next/dist/client/image-component.js:141
[    4276ms] [WARNING] Failed parsing 'srcset' attribute value since it has an unknown descriptor. @ webpack-internal:///(app-pages-browser)/./node_modules/next/dist/client/image-component.js:141
[    4276ms] [WARNING] Dropped srcset candidate "https://erxes.io/cdn-cgi/image/width=3840,format=avif,quality=100/https://ekhterelj-w917z.next.erxes.io/gateway/read-file?key=erxes-saas/pIIbirwBXflNI06iPjxGiRead" @ webpack-internal:///(app-pages-browser)/./node_modules/next/dist/client/image-component.js:141
[    4276ms] [WARNING] Failed parsing 'srcset' attribute value since it has an unknown descriptor. @ webpack-internal:///(app-pages-browser)/./node_modules/next/dist/client/image-component.js:141
[    4277ms] [WARNING] Dropped srcset candidate "https://erxes.io/cdn-cgi/image/width=1920,format=avif,quality=100/https://ekhterelj-w917z.next.erxes.io/gateway/read-file?key=erxes-saas/1P9lTTNPOQvWAmlPwfmrARead" @ webpack-internal:///(app-pages-browser)/./node_modules/next/dist/client/image-component.js:141
[    4277ms] [WARNING] Failed parsing 'srcset' attribute value since it has an unknown descriptor. @ webpack-internal:///(app-pages-browser)/./node_modules/next/dist/client/image-component.js:141
[    4277ms] [WARNING] Dropped srcset candidate "https://erxes.io/cdn-cgi/image/width=3840,format=avif,quality=100/https://ekhterelj-w917z.next.erxes.io/gateway/read-file?key=erxes-saas/1P9lTTNPOQvWAmlPwfmrARead" @ webpack-internal:///(app-pages-browser)/./node_modules/next/dist/client/image-component.js:141
[    5446ms] [WARNING] Failed parsing 'srcset' attribute value since it has an unknown descriptor. @ webpack-internal:///(app-pages-browser)/./node_modules/next/dist/client/image-component.js:141
[    5446ms] [WARNING] Dropped srcset candidate "https://erxes.io/cdn-cgi/image/width=1920,format=avif,quality=100/https://ekhterelj-w917z.next.erxes.io/gateway/read-file?key=erxes-saas/pIIbirwBXflNI06iPjxGiRead" @ webpack-internal:///(app-pages-browser)/./node_modules/next/dist/client/image-component.js:141
[    5446ms] [WARNING] Failed parsing 'srcset' attribute value since it has an unknown descriptor. @ webpack-internal:///(app-pages-browser)/./node_modules/next/dist/client/image-component.js:141
[    5446ms] [WARNING] Dropped srcset candidate "https://erxes.io/cdn-cgi/image/width=3840,format=avif,quality=100/https://ekhterelj-w917z.next.erxes.io/gateway/read-file?key=erxes-saas/pIIbirwBXflNI06iPjxGiRead" @ webpack-internal:///(app-pages-browser)/./node_modules/next/dist/client/image-component.js:141
[    5447ms] [WARNING] Failed parsing 'srcset' attribute value since it has an unknown descriptor. @ webpack-internal:///(app-pages-browser)/./node_modules/next/dist/client/image-component.js:141
[    5448ms] [WARNING] Dropped srcset candidate "https://erxes.io/cdn-cgi/image/width=1920,format=avif,quality=100/https://ekhterelj-w917z.next.erxes.io/gateway/read-file?key=erxes-saas/3Hh0JZVGKSXmSRveekIZZRead" @ webpack-internal:///(app-pages-browser)/./node_modules/next/dist/client/image-component.js:141
[    5448ms] [WARNING] Failed parsing 'srcset' attribute value since it has an unknown descriptor. @ webpack-internal:///(app-pages-browser)/./node_modules/next/dist/client/image-component.js:141
[    5448ms] [WARNING] Dropped srcset candidate "https://erxes.io/cdn-cgi/image/width=3840,format=avif,quality=100/https://ekhterelj-w917z.next.erxes.io/gateway/read-file?key=erxes-saas/3Hh0JZVGKSXmSRveekIZZRead" @ webpack-internal:///(app-pages-browser)/./node_modules/next/dist/client/image-component.js:141
[    5475ms] [WARNING] Failed parsing 'srcset' attribute value since it has an unknown descriptor. @ webpack-internal:///(app-pages-browser)/./node_modules/next/dist/client/image-component.js:141
[    5475ms] [WARNING] Dropped srcset candidate "https://erxes.io/cdn-cgi/image/width=640,format=avif,quality=75/https://ekhterelj-w917z.next.erxes.io/gateway/read-file?key=erxes-saas/FCyxp76tezK2IDeolgecnAVIF" @ webpack-internal:///(app-pages-browser)/./node_modules/next/dist/client/image-component.js:141
[    5475ms] [WARNING] Failed parsing 'srcset' attribute value since it has an unknown descriptor. @ webpack-internal:///(app-pages-browser)/./node_modules/next/dist/client/image-component.js:141
[    5476ms] [WARNING] Dropped srcset candidate "https://erxes.io/cdn-cgi/image/width=1200,format=avif,quality=75/https://ekhterelj-w917z.next.erxes.io/gateway/read-file?key=erxes-saas/FCyxp76tezK2IDeolgecnAVIF" @ webpack-internal:///(app-pages-browser)/./node_modules/next/dist/client/image-component.js:141
[    5487ms] [WARNING] Failed parsing 'srcset' attribute value since it has an unknown descriptor. @ webpack-internal:///(app-pages-browser)/./node_modules/next/dist/client/image-component.js:141
[    5487ms] [WARNING] Dropped srcset candidate "https://erxes.io/cdn-cgi/image/width=640,format=avif,quality=75/https://ekhterelj-w917z.next.erxes.io/gateway/read-file?key=erxes-saas/vVCf5nUpBMcgEnuCD7klZYQlvkwYaR9LUD3oWZ7G2vэх" @ webpack-internal:///(app-pages-browser)/./node_modules/next/dist/client/image-component.js:141
[    5487ms] [WARNING] Failed parsing 'srcset' attribute value since it has an unknown descriptor. @ webpack-internal:///(app-pages-browser)/./node_modules/next/dist/client/image-component.js:141
[    5487ms] [WARNING] Dropped srcset candidate "https://erxes.io/cdn-cgi/image/width=1200,format=avif,quality=75/https://ekhterelj-w917z.next.erxes.io/gateway/read-file?key=erxes-saas/vVCf5nUpBMcgEnuCD7klZYQlvkwYaR9LUD3oWZ7G2vэх" @ webpack-internal:///(app-pages-browser)/./node_modules/next/dist/client/image-component.js:141
[    8645ms] [WARNING] Failed parsing 'srcset' attribute value since it has an unknown descriptor. @ webpack-internal:///(app-pages-browser)/./node_modules/next/dist/client/image-component.js:141
[    8645ms] [WARNING] Dropped srcset candidate "https://erxes.io/cdn-cgi/image/width=1920,format=avif,quality=100/https://ekhterelj-w917z.next.erxes.io/gateway/read-file?key=erxes-saas/1P9lTTNPOQvWAmlPwfmrARead" @ webpack-internal:///(app-pages-browser)/./node_modules/next/dist/client/image-component.js:141
[    8646ms] [WARNING] Failed parsing 'srcset' attribute value since it has an unknown descriptor. @ webpack-internal:///(app-pages-browser)/./node_modules/next/dist/client/image-component.js:141
[    8646ms] [WARNING] Dropped srcset candidate "https://erxes.io/cdn-cgi/image/width=3840,format=avif,quality=100/https://ekhterelj-w917z.next.erxes.io/gateway/read-file?key=erxes-saas/1P9lTTNPOQvWAmlPwfmrARead" @ webpack-internal:///(app-pages-browser)/./node_modules/next/dist/client/image-component.js:141
[   13170ms] [LOG] Download the Apollo DevTools for a better development experience: %s https://chrome.google.com/webstore/detail/apollo-client-developer-t/jdkknkkbebbapilgoeccciglkfbmbnfm @ webpack-internal:///(app-pages-browser)/./node_modules/ts-invariant/lib/invariant.js:42
